// Jest Snapshot v1, https://goo.gl/fbAQLP

exports[`computeEffortPoints — modality x signal matrix scores every modality against every available-signal combination 1`] = `
{
  "cardio_intense / hr + maxHr + restingHr": {
    "ep": 33,
    "intensityTier": "HR_ZONES",
    "modality": "cardio_intense",
    "rawEp": 33,
  },
  "cardio_intense / kcal only": {
    "ep": 54,
    "intensityTier": "MET_TABLE",
    "modality": "cardio_intense",
    "rawEp": 54,
  },
  "cardio_intense / no hr, no kcal": {
    "ep": 54,
    "intensityTier": "MET_TABLE",
    "modality": "cardio_intense",
    "rawEp": 54,
  },
  "cardio_intense / nothing at all": {
    "ep": 54,
    "intensityTier": "MET_TABLE",
    "modality": "cardio_intense",
    "rawEp": 54,
  },
  "cardio_steady / hr + maxHr + restingHr": {
    "ep": 30,
    "intensityTier": "HR_ZONES",
    "modality": "cardio_steady",
    "rawEp": 30,
  },
  "cardio_steady / kcal only": {
    "ep": 35,
    "intensityTier": "MET_TABLE",
    "modality": "cardio_steady",
    "rawEp": 35,
  },
  "cardio_steady / no hr, no kcal": {
    "ep": 35,
    "intensityTier": "MET_TABLE",
    "modality": "cardio_steady",
    "rawEp": 35,
  },
  "cardio_steady / nothing at all": {
    "ep": 35,
    "intensityTier": "MET_TABLE",
    "modality": "cardio_steady",
    "rawEp": 35,
  },
  "cycle / hr + maxHr + restingHr": {
    "ep": 29,
    "intensityTier": "HR_ZONES",
    "modality": "cycle",
    "rawEp": 29,
  },
  "cycle / kcal only": {
    "ep": 36,
    "intensityTier": "MET_TABLE",
    "modality": "cycle",
    "rawEp": 36,
  },
  "cycle / no hr, no kcal": {
    "ep": 36,
    "intensityTier": "MET_TABLE",
    "modality": "cycle",
    "rawEp": 36,
  },
  "cycle / nothing at all": {
    "ep": 36,
    "intensityTier": "MET_TABLE",
    "modality": "cycle",
    "rawEp": 36,
  },
  "mobility / hr + maxHr + restingHr": {
    "ep": 24,
    "intensityTier": "HR_ZONES",
    "modality": "mobility",
    "rawEp": 24,
  },
  "mobility / kcal only": {
    "ep": 10,
    "intensityTier": "MET_TABLE",
    "modality": "mobility",
    "rawEp": 10,
  },
  "mobility / no hr, no kcal": {
    "ep": 10,
    "intensityTier": "MET_TABLE",
    "modality": "mobility",
    "rawEp": 10,
  },
  "mobility / nothing at all": {
    "ep": 10,
    "intensityTier": "MET_TABLE",
    "modality": "mobility",
    "rawEp": 10,
  },
  "other / hr + maxHr + restingHr": {
    "ep": 27,
    "intensityTier": "HR_ZONES",
    "modality": "other",
    "rawEp": 27,
  },
  "other / kcal only": {
    "ep": 34,
    "intensityTier": "CALORIES",
    "modality": "other",
    "rawEp": 34,
  },
  "other / no hr, no kcal": {
    "ep": 14,
    "intensityTier": "FLOOR",
    "modality": "other",
    "rawEp": 14,
  },
  "other / nothing at all": {
    "ep": 14,
    "intensityTier": "FLOOR",
    "modality": "other",
    "rawEp": 14,
  },
  "recovery / hr + maxHr + restingHr": {
    "ep": 18,
    "intensityTier": "HR_ZONES",
    "modality": "recovery",
    "rawEp": 18,
  },
  "recovery / kcal only": {
    "ep": 7,
    "intensityTier": "MET_TABLE",
    "modality": "recovery",
    "rawEp": 7,
  },
  "recovery / no hr, no kcal": {
    "ep": 7,
    "intensityTier": "MET_TABLE",
    "modality": "recovery",
    "rawEp": 7,
  },
  "recovery / nothing at all": {
    "ep": 7,
    "intensityTier": "MET_TABLE",
    "modality": "recovery",
    "rawEp": 7,
  },
  "sport_racket / hr + maxHr + restingHr": {
    "ep": 30,
    "intensityTier": "HR_ZONES",
    "modality": "sport_racket",
    "rawEp": 30,
  },
  "sport_racket / kcal only": {
    "ep": 37,
    "intensityTier": "MET_TABLE",
    "modality": "sport_racket",
    "rawEp": 37,
  },
  "sport_racket / no hr, no kcal": {
    "ep": 37,
    "intensityTier": "MET_TABLE",
    "modality": "sport_racket",
    "rawEp": 37,
  },
  "sport_racket / nothing at all": {
    "ep": 37,
    "intensityTier": "MET_TABLE",
    "modality": "sport_racket",
    "rawEp": 37,
  },
  "sport_team / hr + maxHr + restingHr": {
    "ep": 30,
    "intensityTier": "HR_ZONES",
    "modality": "sport_team",
    "rawEp": 30,
  },
  "sport_team / kcal only": {
    "ep": 35,
    "intensityTier": "MET_TABLE",
    "modality": "sport_team",
    "rawEp": 35,
  },
  "sport_team / no hr, no kcal": {
    "ep": 35,
    "intensityTier": "MET_TABLE",
    "modality": "sport_team",
    "rawEp": 35,
  },
  "sport_team / nothing at all": {
    "ep": 35,
    "intensityTier": "MET_TABLE",
    "modality": "sport_team",
    "rawEp": 35,
  },
  "strength / hr + maxHr + restingHr": {
    "ep": 33,
    "intensityTier": "HR_ZONES",
    "modality": "strength",
    "rawEp": 33,
  },
  "strength / kcal only": {
    "ep": 28,
    "intensityTier": "MET_TABLE",
    "modality": "strength",
    "rawEp": 28,
  },
  "strength / no hr, no kcal": {
    "ep": 28,
    "intensityTier": "MET_TABLE",
    "modality": "strength",
    "rawEp": 28,
  },
  "strength / nothing at all": {
    "ep": 28,
    "intensityTier": "MET_TABLE",
    "modality": "strength",
    "rawEp": 28,
  },
  "swim / hr + maxHr + restingHr": {
    "ep": 32,
    "intensityTier": "HR_ZONES",
    "modality": "swim",
    "rawEp": 32,
  },
  "swim / kcal only": {
    "ep": 44,
    "intensityTier": "MET_TABLE",
    "modality": "swim",
    "rawEp": 44,
  },
  "swim / no hr, no kcal": {
    "ep": 44,
    "intensityTier": "MET_TABLE",
    "modality": "swim",
    "rawEp": 44,
  },
  "swim / nothing at all": {
    "ep": 44,
    "intensityTier": "MET_TABLE",
    "modality": "swim",
    "rawEp": 44,
  },
  "walk / hr + maxHr + restingHr": {
    "ep": 18,
    "intensityTier": "HR_ZONES",
    "modality": "walk",
    "rawEp": 18,
  },
  "walk / kcal only": {
    "ep": 11,
    "intensityTier": "MET_TABLE",
    "modality": "walk",
    "rawEp": 11,
  },
  "walk / no hr, no kcal": {
    "ep": 11,
    "intensityTier": "MET_TABLE",
    "modality": "walk",
    "rawEp": 11,
  },
  "walk / nothing at all": {
    "ep": 11,
    "intensityTier": "MET_TABLE",
    "modality": "walk",
    "rawEp": 11,
  },
}
`;
