// Jest Snapshot v1, https://goo.gl/fbAQLP

exports[`foldLedger — order invariance is order-independent for a ledger built from real scored workouts 1`] = `
{
  "gold": 253,
  "level": 7,
  "stats": {
    "agi": 6,
    "end": 10,
    "foc": 5,
    "spi": 3,
    "str": 1,
    "vit": 0,
  },
  "xp": 1007,
}
`;

exports[`xpForLevel snapshots the shape of the curve 1`] = `
[
  [
    1,
    0,
  ],
  [
    2,
    50,
  ],
  [
    3,
    143,
  ],
  [
    5,
    451,
  ],
  [
    10,
    1889,
  ],
  [
    20,
    8970,
  ],
  [
    30,
    22974,
  ],
  [
    50,
    78717,
  ],
  [
    75,
    218499,
  ],
  [
    100,
    458613,
  ],
]
`;
