// Jest Snapshot v1, https://goo.gl/fbAQLP

exports[`simulate — reproducibility reproduces a losing log too 1`] = `
{
  "encounterId": "enc-warden",
  "events": [
    {
      "actor": "HERO",
      "amount": 11,
      "enemyHp": 159,
      "heroHp": 126,
      "turn": 1,
      "type": "ATTACK",
    },
    {
      "actor": "ENEMY",
      "amount": 11,
      "enemyHp": 159,
      "heroHp": 126,
      "turn": 1,
      "type": "HIT",
    },
    {
      "actor": "ENEMY",
      "amount": 9,
      "enemyHp": 159,
      "heroHp": 117,
      "turn": 1,
      "type": "ATTACK",
    },
    {
      "actor": "HERO",
      "amount": 9,
      "enemyHp": 159,
      "heroHp": 117,
      "turn": 1,
      "type": "HIT",
    },
    {
      "actor": "HERO",
      "amount": 2,
      "enemyHp": 159,
      "heroHp": 119,
      "turn": 1,
      "type": "REGEN",
    },
    {
      "actor": "HERO",
      "amount": 8,
      "enemyHp": 151,
      "heroHp": 119,
      "turn": 2,
      "type": "ATTACK",
    },
    {
      "actor": "ENEMY",
      "amount": 8,
      "enemyHp": 151,
      "heroHp": 119,
      "turn": 2,
      "type": "BLOCK",
    },
    {
      "actor": "ENEMY",
      "amount": 8,
      "enemyHp": 151,
      "heroHp": 119,
      "turn": 2,
      "type": "HIT",
    },
    {
      "actor": "ENEMY",
      "amount": 12,
      "enemyHp": 151,
      "heroHp": 107,
      "turn": 2,
      "type": "ATTACK",
    },
    {
      "actor": "HERO",
      "amount": 12,
      "enemyHp": 151,
      "heroHp": 107,
      "turn": 2,
      "type": "HIT",
    },
    {
      "actor": "HERO",
      "amount": 2,
      "enemyHp": 151,
      "heroHp": 109,
      "turn": 2,
      "type": "REGEN",
    },
    {
      "actor": "HERO",
      "amount": 12,
      "enemyHp": 139,
      "heroHp": 109,
      "turn": 3,
      "type": "ATTACK",
    },
    {
      "actor": "ENEMY",
      "amount": 12,
      "enemyHp": 139,
      "heroHp": 109,
      "turn": 3,
      "type": "HIT",
    },
    {
      "actor": "ENEMY",
      "amount": 13,
      "enemyHp": 139,
      "heroHp": 96,
      "turn": 3,
      "type": "ATTACK",
    },
    {
      "actor": "HERO",
      "amount": 13,
      "enemyHp": 139,
      "heroHp": 96,
      "turn": 3,
      "type": "HIT",
    },
    {
      "actor": "HERO",
      "amount": 2,
      "enemyHp": 139,
      "heroHp": 98,
      "turn": 3,
      "type": "REGEN",
    },
    {
      "actor": "HERO",
      "amount": 26,
      "enemyHp": 113,
      "heroHp": 98,
      "turn": 4,
      "type": "CRIT",
    },
    {
      "actor": "ENEMY",
      "amount": 26,
      "enemyHp": 113,
      "heroHp": 98,
      "turn": 4,
      "type": "HIT",
    },
    {
      "actor": "ENEMY",
      "amount": 11,
      "enemyHp": 113,
      "heroHp": 87,
      "turn": 4,
      "type": "ATTACK",
    },
    {
      "actor": "HERO",
      "amount": 11,
      "enemyHp": 113,
      "heroHp": 87,
      "turn": 4,
      "type": "HIT",
    },
    {
      "actor": "HERO",
      "amount": 2,
      "enemyHp": 113,
      "heroHp": 89,
      "turn": 4,
      "type": "REGEN",
    },
    {
      "actor": "HERO",
      "amount": 12,
      "enemyHp": 101,
      "heroHp": 89,
      "turn": 5,
      "type": "ATTACK",
    },
    {
      "actor": "ENEMY",
      "amount": 12,
      "enemyHp": 101,
      "heroHp": 89,
      "turn": 5,
      "type": "HIT",
    },
    {
      "actor": "ENEMY",
      "amount": 12,
      "enemyHp": 101,
      "heroHp": 77,
      "turn": 5,
      "type": "ATTACK",
    },
    {
      "actor": "HERO",
      "amount": 12,
      "enemyHp": 101,
      "heroHp": 77,
      "turn": 5,
      "type": "HIT",
    },
    {
      "actor": "HERO",
      "amount": 2,
      "enemyHp": 101,
      "heroHp": 79,
      "turn": 5,
      "type": "REGEN",
    },
    {
      "actor": "HERO",
      "amount": 22,
      "enemyHp": 79,
      "heroHp": 79,
      "turn": 6,
      "type": "CRIT",
    },
    {
      "actor": "ENEMY",
      "amount": 22,
      "enemyHp": 79,
      "heroHp": 79,
      "turn": 6,
      "type": "HIT",
    },
    {
      "actor": "ENEMY",
      "amount": 13,
      "enemyHp": 79,
      "heroHp": 66,
      "turn": 6,
      "type": "ATTACK",
    },
    {
      "actor": "HERO",
      "amount": 13,
      "enemyHp": 79,
      "heroHp": 66,
      "turn": 6,
      "type": "HIT",
    },
    {
      "actor": "HERO",
      "amount": 2,
      "enemyHp": 79,
      "heroHp": 68,
      "turn": 6,
      "type": "REGEN",
    },
    {
      "actor": "HERO",
      "amount": 9,
      "enemyHp": 70,
      "heroHp": 68,
      "turn": 7,
      "type": "ATTACK",
    },
    {
      "actor": "ENEMY",
      "amount": 9,
      "enemyHp": 70,
      "heroHp": 68,
      "turn": 7,
      "type": "HIT",
    },
    {
      "actor": "ENEMY",
      "amount": 11,
      "enemyHp": 70,
      "heroHp": 57,
      "turn": 7,
      "type": "ATTACK",
    },
    {
      "actor": "HERO",
      "amount": 11,
      "enemyHp": 70,
      "heroHp": 57,
      "turn": 7,
      "type": "HIT",
    },
    {
      "actor": "HERO",
      "amount": 2,
      "enemyHp": 70,
      "heroHp": 59,
      "turn": 7,
      "type": "REGEN",
    },
    {
      "actor": "HERO",
      "amount": 9,
      "enemyHp": 61,
      "heroHp": 59,
      "turn": 8,
      "type": "ATTACK",
    },
    {
      "actor": "ENEMY",
      "amount": 9,
      "enemyHp": 61,
      "heroHp": 59,
      "turn": 8,
      "type": "HIT",
    },
    {
      "actor": "ENEMY",
      "amount": 13,
      "enemyHp": 61,
      "heroHp": 46,
      "turn": 8,
      "type": "ATTACK",
    },
    {
      "actor": "HERO",
      "amount": 13,
      "enemyHp": 61,
      "heroHp": 46,
      "turn": 8,
      "type": "HIT",
    },
    {
      "actor": "HERO",
      "amount": 2,
      "enemyHp": 61,
      "heroHp": 48,
      "turn": 8,
      "type": "REGEN",
    },
    {
      "actor": "HERO",
      "amount": 10,
      "enemyHp": 51,
      "heroHp": 48,
      "turn": 9,
      "type": "ATTACK",
    },
    {
      "actor": "ENEMY",
      "amount": 10,
      "enemyHp": 51,
      "heroHp": 48,
      "turn": 9,
      "type": "HIT",
    },
    {
      "actor": "ENEMY",
      "amount": 10,
      "enemyHp": 51,
      "heroHp": 38,
      "turn": 9,
      "type": "ATTACK",
    },
    {
      "actor": "HERO",
      "amount": 10,
      "enemyHp": 51,
      "heroHp": 38,
      "turn": 9,
      "type": "HIT",
    },
    {
      "actor": "HERO",
      "amount": 2,
      "enemyHp": 51,
      "heroHp": 40,
      "turn": 9,
      "type": "REGEN",
    },
    {
      "actor": "HERO",
      "amount": 8,
      "enemyHp": 43,
      "heroHp": 40,
      "turn": 10,
      "type": "ATTACK",
    },
    {
      "actor": "ENEMY",
      "amount": 8,
      "enemyHp": 43,
      "heroHp": 40,
      "turn": 10,
      "type": "BLOCK",
    },
    {
      "actor": "ENEMY",
      "amount": 8,
      "enemyHp": 43,
      "heroHp": 40,
      "turn": 10,
      "type": "HIT",
    },
    {
      "actor": "ENEMY",
      "amount": 12,
      "enemyHp": 43,
      "heroHp": 28,
      "turn": 10,
      "type": "ATTACK",
    },
    {
      "actor": "HERO",
      "amount": 12,
      "enemyHp": 43,
      "heroHp": 28,
      "turn": 10,
      "type": "HIT",
    },
    {
      "actor": "HERO",
      "amount": 2,
      "enemyHp": 43,
      "heroHp": 30,
      "turn": 10,
      "type": "REGEN",
    },
    {
      "actor": "HERO",
      "amount": 10,
      "enemyHp": 33,
      "heroHp": 30,
      "turn": 11,
      "type": "ATTACK",
    },
    {
      "actor": "ENEMY",
      "amount": 10,
      "enemyHp": 33,
      "heroHp": 30,
      "turn": 11,
      "type": "HIT",
    },
    {
      "actor": "ENEMY",
      "amount": 12,
      "enemyHp": 33,
      "heroHp": 18,
      "turn": 11,
      "type": "ATTACK",
    },
    {
      "actor": "HERO",
      "amount": 12,
      "enemyHp": 33,
      "heroHp": 18,
      "turn": 11,
      "type": "HIT",
    },
    {
      "actor": "HERO",
      "amount": 2,
      "enemyHp": 33,
      "heroHp": 20,
      "turn": 11,
      "type": "REGEN",
    },
    {
      "actor": "HERO",
      "amount": 11,
      "enemyHp": 22,
      "heroHp": 20,
      "turn": 12,
      "type": "ATTACK",
    },
    {
      "actor": "ENEMY",
      "amount": 11,
      "enemyHp": 22,
      "heroHp": 20,
      "turn": 12,
      "type": "HIT",
    },
    {
      "actor": "ENEMY",
      "amount": 10,
      "enemyHp": 22,
      "heroHp": 10,
      "turn": 12,
      "type": "ATTACK",
    },
    {
      "actor": "HERO",
      "amount": 10,
      "enemyHp": 22,
      "heroHp": 10,
      "turn": 12,
      "type": "HIT",
    },
    {
      "actor": "HERO",
      "amount": 2,
      "enemyHp": 22,
      "heroHp": 12,
      "turn": 12,
      "type": "REGEN",
    },
    {
      "actor": "HERO",
      "amount": 25,
      "enemyHp": 0,
      "heroHp": 12,
      "turn": 13,
      "type": "CRIT",
    },
    {
      "actor": "ENEMY",
      "amount": 25,
      "enemyHp": 0,
      "heroHp": 12,
      "turn": 13,
      "type": "HIT",
    },
    {
      "actor": "ENEMY",
      "amount": 0,
      "enemyHp": 0,
      "heroHp": 12,
      "turn": 13,
      "type": "FAINT",
    },
    {
      "actor": "HERO",
      "amount": 0,
      "enemyHp": 0,
      "heroHp": 12,
      "turn": 13,
      "type": "VICTORY",
    },
  ],
  "outcome": "WIN",
  "seed": 5,
  "simVersion": "0.1.0",
  "turns": 13,
}
`;

exports[`simulate — reproducibility reproduces a stored log event for event — snapshot 1`] = `
{
  "encounterId": "enc-boar",
  "events": [
    {
      "actor": "HERO",
      "amount": 29,
      "enemyHp": 91,
      "heroHp": 190,
      "turn": 1,
      "type": "ATTACK",
    },
    {
      "actor": "ENEMY",
      "amount": 29,
      "enemyHp": 91,
      "heroHp": 190,
      "turn": 1,
      "type": "HIT",
    },
    {
      "actor": "ENEMY",
      "amount": 1,
      "enemyHp": 91,
      "heroHp": 189,
      "turn": 1,
      "type": "ATTACK",
    },
    {
      "actor": "HERO",
      "amount": 11,
      "enemyHp": 91,
      "heroHp": 189,
      "turn": 1,
      "type": "BLOCK",
    },
    {
      "actor": "HERO",
      "amount": 1,
      "enemyHp": 91,
      "heroHp": 189,
      "turn": 1,
      "type": "HIT",
    },
    {
      "actor": "HERO",
      "amount": 1,
      "enemyHp": 91,
      "heroHp": 190,
      "turn": 1,
      "type": "REGEN",
    },
    {
      "actor": "HERO",
      "amount": 21,
      "enemyHp": 70,
      "heroHp": 190,
      "turn": 2,
      "type": "ATTACK",
    },
    {
      "actor": "ENEMY",
      "amount": 21,
      "enemyHp": 70,
      "heroHp": 190,
      "turn": 2,
      "type": "HIT",
    },
    {
      "actor": "ENEMY",
      "amount": 2,
      "enemyHp": 70,
      "heroHp": 188,
      "turn": 2,
      "type": "ATTACK",
    },
    {
      "actor": "HERO",
      "amount": 14,
      "enemyHp": 70,
      "heroHp": 188,
      "turn": 2,
      "type": "BLOCK",
    },
    {
      "actor": "HERO",
      "amount": 2,
      "enemyHp": 70,
      "heroHp": 188,
      "turn": 2,
      "type": "HIT",
    },
    {
      "actor": "HERO",
      "amount": 2,
      "enemyHp": 70,
      "heroHp": 190,
      "turn": 2,
      "type": "REGEN",
    },
    {
      "actor": "HERO",
      "amount": 29,
      "enemyHp": 41,
      "heroHp": 190,
      "turn": 3,
      "type": "ATTACK",
    },
    {
      "actor": "ENEMY",
      "amount": 29,
      "enemyHp": 41,
      "heroHp": 190,
      "turn": 3,
      "type": "HIT",
    },
    {
      "actor": "ENEMY",
      "amount": 2,
      "enemyHp": 41,
      "heroHp": 188,
      "turn": 3,
      "type": "ATTACK",
    },
    {
      "actor": "HERO",
      "amount": 14,
      "enemyHp": 41,
      "heroHp": 188,
      "turn": 3,
      "type": "BLOCK",
    },
    {
      "actor": "HERO",
      "amount": 2,
      "enemyHp": 41,
      "heroHp": 188,
      "turn": 3,
      "type": "HIT",
    },
    {
      "actor": "HERO",
      "amount": 2,
      "enemyHp": 41,
      "heroHp": 190,
      "turn": 3,
      "type": "REGEN",
    },
    {
      "actor": "HERO",
      "amount": 26,
      "enemyHp": 15,
      "heroHp": 190,
      "turn": 4,
      "type": "ATTACK",
    },
    {
      "actor": "ENEMY",
      "amount": 26,
      "enemyHp": 15,
      "heroHp": 190,
      "turn": 4,
      "type": "HIT",
    },
    {
      "actor": "ENEMY",
      "amount": 1,
      "enemyHp": 15,
      "heroHp": 189,
      "turn": 4,
      "type": "ATTACK",
    },
    {
      "actor": "HERO",
      "amount": 14,
      "enemyHp": 15,
      "heroHp": 189,
      "turn": 4,
      "type": "BLOCK",
    },
    {
      "actor": "HERO",
      "amount": 1,
      "enemyHp": 15,
      "heroHp": 189,
      "turn": 4,
      "type": "HIT",
    },
    {
      "actor": "HERO",
      "amount": 1,
      "enemyHp": 15,
      "heroHp": 190,
      "turn": 4,
      "type": "REGEN",
    },
    {
      "actor": "HERO",
      "amount": 22,
      "enemyHp": 0,
      "heroHp": 190,
      "turn": 5,
      "type": "ATTACK",
    },
    {
      "actor": "ENEMY",
      "amount": 22,
      "enemyHp": 0,
      "heroHp": 190,
      "turn": 5,
      "type": "HIT",
    },
    {
      "actor": "ENEMY",
      "amount": 0,
      "enemyHp": 0,
      "heroHp": 190,
      "turn": 5,
      "type": "FAINT",
    },
    {
      "actor": "HERO",
      "amount": 0,
      "enemyHp": 0,
      "heroHp": 190,
      "turn": 5,
      "type": "VICTORY",
    },
  ],
  "outcome": "WIN",
  "seed": 20240817,
  "simVersion": "0.1.0",
  "turns": 5,
}
`;
