// Jest Snapshot v1, https://goo.gl/fbAQLP

exports[`simulate — reproducibility reproduces a losing log too 1`] = `
{
  "encounterId": "enc-warden",
  "events": [
    {
      "actor": "HERO",
      "amount": 16,
      "enemyHp": 304,
      "heroHp": 158,
      "turn": 1,
      "type": "ATTACK",
    },
    {
      "actor": "ENEMY",
      "amount": 16,
      "enemyHp": 304,
      "heroHp": 158,
      "turn": 1,
      "type": "BLOCK",
    },
    {
      "actor": "ENEMY",
      "amount": 16,
      "enemyHp": 304,
      "heroHp": 158,
      "turn": 1,
      "type": "HIT",
    },
    {
      "actor": "ENEMY",
      "amount": 17,
      "enemyHp": 304,
      "heroHp": 141,
      "turn": 1,
      "type": "ATTACK",
    },
    {
      "actor": "HERO",
      "amount": 17,
      "enemyHp": 304,
      "heroHp": 141,
      "turn": 1,
      "type": "HIT",
    },
    {
      "actor": "HERO",
      "amount": 2,
      "enemyHp": 304,
      "heroHp": 143,
      "turn": 1,
      "type": "REGEN",
    },
    {
      "actor": "HERO",
      "amount": 10,
      "enemyHp": 294,
      "heroHp": 143,
      "turn": 2,
      "type": "ATTACK",
    },
    {
      "actor": "ENEMY",
      "amount": 16,
      "enemyHp": 294,
      "heroHp": 143,
      "turn": 2,
      "type": "BLOCK",
    },
    {
      "actor": "ENEMY",
      "amount": 10,
      "enemyHp": 294,
      "heroHp": 143,
      "turn": 2,
      "type": "HIT",
    },
    {
      "actor": "ENEMY",
      "amount": 22,
      "enemyHp": 294,
      "heroHp": 121,
      "turn": 2,
      "type": "ATTACK",
    },
    {
      "actor": "HERO",
      "amount": 22,
      "enemyHp": 294,
      "heroHp": 121,
      "turn": 2,
      "type": "HIT",
    },
    {
      "actor": "HERO",
      "amount": 2,
      "enemyHp": 294,
      "heroHp": 123,
      "turn": 2,
      "type": "REGEN",
    },
    {
      "actor": "HERO",
      "amount": 18,
      "enemyHp": 276,
      "heroHp": 123,
      "turn": 3,
      "type": "ATTACK",
    },
    {
      "actor": "ENEMY",
      "amount": 18,
      "enemyHp": 276,
      "heroHp": 123,
      "turn": 3,
      "type": "HIT",
    },
    {
      "actor": "ENEMY",
      "amount": 23,
      "enemyHp": 276,
      "heroHp": 100,
      "turn": 3,
      "type": "ATTACK",
    },
    {
      "actor": "HERO",
      "amount": 23,
      "enemyHp": 276,
      "heroHp": 100,
      "turn": 3,
      "type": "HIT",
    },
    {
      "actor": "HERO",
      "amount": 2,
      "enemyHp": 276,
      "heroHp": 102,
      "turn": 3,
      "type": "REGEN",
    },
    {
      "actor": "HERO",
      "amount": 41,
      "enemyHp": 235,
      "heroHp": 102,
      "turn": 4,
      "type": "CRIT",
    },
    {
      "actor": "ENEMY",
      "amount": 41,
      "enemyHp": 235,
      "heroHp": 102,
      "turn": 4,
      "type": "HIT",
    },
    {
      "actor": "ENEMY",
      "amount": 20,
      "enemyHp": 235,
      "heroHp": 82,
      "turn": 4,
      "type": "ATTACK",
    },
    {
      "actor": "HERO",
      "amount": 20,
      "enemyHp": 235,
      "heroHp": 82,
      "turn": 4,
      "type": "HIT",
    },
    {
      "actor": "HERO",
      "amount": 2,
      "enemyHp": 235,
      "heroHp": 84,
      "turn": 4,
      "type": "REGEN",
    },
    {
      "actor": "HERO",
      "amount": 18,
      "enemyHp": 217,
      "heroHp": 84,
      "turn": 5,
      "type": "ATTACK",
    },
    {
      "actor": "ENEMY",
      "amount": 18,
      "enemyHp": 217,
      "heroHp": 84,
      "turn": 5,
      "type": "HIT",
    },
    {
      "actor": "ENEMY",
      "amount": 23,
      "enemyHp": 217,
      "heroHp": 61,
      "turn": 5,
      "type": "ATTACK",
    },
    {
      "actor": "HERO",
      "amount": 23,
      "enemyHp": 217,
      "heroHp": 61,
      "turn": 5,
      "type": "HIT",
    },
    {
      "actor": "HERO",
      "amount": 2,
      "enemyHp": 217,
      "heroHp": 63,
      "turn": 5,
      "type": "REGEN",
    },
    {
      "actor": "HERO",
      "amount": 34,
      "enemyHp": 183,
      "heroHp": 63,
      "turn": 6,
      "type": "CRIT",
    },
    {
      "actor": "ENEMY",
      "amount": 34,
      "enemyHp": 183,
      "heroHp": 63,
      "turn": 6,
      "type": "HIT",
    },
    {
      "actor": "ENEMY",
      "amount": 23,
      "enemyHp": 183,
      "heroHp": 40,
      "turn": 6,
      "type": "ATTACK",
    },
    {
      "actor": "HERO",
      "amount": 23,
      "enemyHp": 183,
      "heroHp": 40,
      "turn": 6,
      "type": "HIT",
    },
    {
      "actor": "HERO",
      "amount": 2,
      "enemyHp": 183,
      "heroHp": 42,
      "turn": 6,
      "type": "REGEN",
    },
    {
      "actor": "HERO",
      "amount": 12,
      "enemyHp": 171,
      "heroHp": 42,
      "turn": 7,
      "type": "ATTACK",
    },
    {
      "actor": "ENEMY",
      "amount": 16,
      "enemyHp": 171,
      "heroHp": 42,
      "turn": 7,
      "type": "BLOCK",
    },
    {
      "actor": "ENEMY",
      "amount": 12,
      "enemyHp": 171,
      "heroHp": 42,
      "turn": 7,
      "type": "HIT",
    },
    {
      "actor": "ENEMY",
      "amount": 20,
      "enemyHp": 171,
      "heroHp": 22,
      "turn": 7,
      "type": "ATTACK",
    },
    {
      "actor": "HERO",
      "amount": 20,
      "enemyHp": 171,
      "heroHp": 22,
      "turn": 7,
      "type": "HIT",
    },
    {
      "actor": "HERO",
      "amount": 2,
      "enemyHp": 171,
      "heroHp": 24,
      "turn": 7,
      "type": "REGEN",
    },
    {
      "actor": "HERO",
      "amount": 12,
      "enemyHp": 159,
      "heroHp": 24,
      "turn": 8,
      "type": "ATTACK",
    },
    {
      "actor": "ENEMY",
      "amount": 16,
      "enemyHp": 159,
      "heroHp": 24,
      "turn": 8,
      "type": "BLOCK",
    },
    {
      "actor": "ENEMY",
      "amount": 12,
      "enemyHp": 159,
      "heroHp": 24,
      "turn": 8,
      "type": "HIT",
    },
    {
      "actor": "ENEMY",
      "amount": 24,
      "enemyHp": 159,
      "heroHp": 0,
      "turn": 8,
      "type": "ATTACK",
    },
    {
      "actor": "HERO",
      "amount": 24,
      "enemyHp": 159,
      "heroHp": 0,
      "turn": 8,
      "type": "HIT",
    },
    {
      "actor": "HERO",
      "amount": 0,
      "enemyHp": 159,
      "heroHp": 0,
      "turn": 8,
      "type": "FAINT",
    },
    {
      "actor": "HERO",
      "amount": 0,
      "enemyHp": 159,
      "heroHp": 0,
      "turn": 8,
      "type": "DEFEAT",
    },
  ],
  "outcome": "LOSS",
  "seed": 5,
  "simVersion": "0.4.0",
  "turns": 8,
}
`;

exports[`simulate — reproducibility reproduces a stored log event for event — snapshot 1`] = `
{
  "encounterId": "enc-boar",
  "events": [
    {
      "actor": "HERO",
      "amount": 45,
      "enemyHp": 75,
      "heroHp": 222,
      "turn": 1,
      "type": "ATTACK",
    },
    {
      "actor": "ENEMY",
      "amount": 45,
      "enemyHp": 75,
      "heroHp": 222,
      "turn": 1,
      "type": "HIT",
    },
    {
      "actor": "ENEMY",
      "amount": 1,
      "enemyHp": 75,
      "heroHp": 221,
      "turn": 1,
      "type": "ATTACK",
    },
    {
      "actor": "HERO",
      "amount": 11,
      "enemyHp": 75,
      "heroHp": 221,
      "turn": 1,
      "type": "BLOCK",
    },
    {
      "actor": "HERO",
      "amount": 1,
      "enemyHp": 75,
      "heroHp": 221,
      "turn": 1,
      "type": "HIT",
    },
    {
      "actor": "HERO",
      "amount": 1,
      "enemyHp": 75,
      "heroHp": 222,
      "turn": 1,
      "type": "REGEN",
    },
    {
      "actor": "HERO",
      "amount": 33,
      "enemyHp": 42,
      "heroHp": 222,
      "turn": 2,
      "type": "ATTACK",
    },
    {
      "actor": "ENEMY",
      "amount": 33,
      "enemyHp": 42,
      "heroHp": 222,
      "turn": 2,
      "type": "HIT",
    },
    {
      "actor": "ENEMY",
      "amount": 1,
      "enemyHp": 42,
      "heroHp": 221,
      "turn": 2,
      "type": "ATTACK",
    },
    {
      "actor": "HERO",
      "amount": 15,
      "enemyHp": 42,
      "heroHp": 221,
      "turn": 2,
      "type": "BLOCK",
    },
    {
      "actor": "HERO",
      "amount": 1,
      "enemyHp": 42,
      "heroHp": 221,
      "turn": 2,
      "type": "HIT",
    },
    {
      "actor": "HERO",
      "amount": 1,
      "enemyHp": 42,
      "heroHp": 222,
      "turn": 2,
      "type": "REGEN",
    },
    {
      "actor": "HERO",
      "amount": 44,
      "enemyHp": 0,
      "heroHp": 222,
      "turn": 3,
      "type": "ATTACK",
    },
    {
      "actor": "ENEMY",
      "amount": 44,
      "enemyHp": 0,
      "heroHp": 222,
      "turn": 3,
      "type": "HIT",
    },
    {
      "actor": "ENEMY",
      "amount": 0,
      "enemyHp": 0,
      "heroHp": 222,
      "turn": 3,
      "type": "FAINT",
    },
    {
      "actor": "HERO",
      "amount": 0,
      "enemyHp": 0,
      "heroHp": 222,
      "turn": 3,
      "type": "VICTORY",
    },
  ],
  "outcome": "WIN",
  "seed": 20240817,
  "simVersion": "0.4.0",
  "turns": 3,
}
`;
